Traceback (most recent call last):
  File "/Users/akhileshgogikar/IndianStocksData/tools/tickertape_sync.py", line 656, in <module>
    raise SystemExit(main())
                     ^^^^^^
  File "/Users/akhileshgogikar/IndianStocksData/tools/tickertape_sync.py", line 652, in main
    return sync(args)
           ^^^^^^^^^^
  File "/Users/akhileshgogikar/IndianStocksData/tools/tickertape_sync.py", line 535, in sync
    run_id = begin_run(conn, args, len(companies))
             ^^^^^^^^^^^^^^^^^^^^^^^^^^^^^^^^^^^^^
  File "/Users/akhileshgogikar/IndianStocksData/tools/tickertape_sync.py", line 205, in begin_run
    json_text(options),
    ^^^^^^^^^^^^^^^^^^
  File "/Users/akhileshgogikar/IndianStocksData/tools/tickertape_sync.py", line 46, in json_text
    return json.dumps(value, ensure_ascii=False, separators=(",", ":"), sort_keys=True)
           ^^^^^^^^^^^^^^^^^^^^^^^^^^^^^^^^^^^^^^^^^^^^^^^^^^^^^^^^^^^^^^^^^^^^^^^^^^^^
  File "/Users/akhileshgogikar/miniconda3/lib/python3.12/json/__init__.py", line 238, in dumps
    **kw).encode(obj)
          ^^^^^^^^^^^
  File "/Users/akhileshgogikar/miniconda3/lib/python3.12/json/encoder.py", line 200, in encode
    chunks = self.iterencode(o, _one_shot=True)
             ^^^^^^^^^^^^^^^^^^^^^^^^^^^^^^^^^^
  File "/Users/akhileshgogikar/miniconda3/lib/python3.12/json/encoder.py", line 258, in iterencode
    return _iterencode(o, 0)
           ^^^^^^^^^^^^^^^^^
  File "/Users/akhileshgogikar/miniconda3/lib/python3.12/json/encoder.py", line 180, in default
    raise TypeError(f'Object of type {o.__class__.__name__} '
TypeError: Object of type PosixPath is not JSON serializable
